2026-08-07 01:59:56 - INFO - [ActualizacionData] - **********  Intento 1 de añadir a la DATABASE y la data del scrapeo del dia 2026-08-06  ********
2026-08-07 01:59:56 - INFO - [ActualizacionData] - El json control_ejecusiones cargo correctamente
2026-08-07 01:59:56 - INFO - [ActualizacionData] - Ultima vez que se ejecuto ETL 2026-08-05
2026-08-07 01:59:56 - INFO - [ActualizacionData] - Iniciando el Procesamiento de la Data
2026-08-07 01:59:56 - INFO - [ActualizacionData] - Se logró cargar la DATABASE, actualmente con 6716 registros
2026-08-07 01:59:56 - INFO - [ActualizacionData] - Se logró cargar la data para actualizar, actualmente con 1014 registros
2026-08-07 01:59:56 - INFO - [ActualizacionData] - ETL finalizado, se guardaron los datos en data/db/base.parquet
2026-08-07 01:59:56 - INFO - [ActualizacionData] - Despues de Juntar y eliminar ofertas repetidas quedaron 6672 registros
2026-08-07 01:59:56 - INFO - [ActualizacionData] - Se actualizo la fecha de la ultima vez ETL a --> 2026-08-06
2026-08-07 01:59:56 - INFO - [ActualizacionData] - Se ha actualizado el archivo -->  control_ejecusiones.json
2026-08-07 23:04:42 - INFO - [ActualizacionData] - **********  Intento 1 de añadir a la DATABASE y la data del scrapeo del dia 2026-08-07  ********
2026-08-07 23:04:42 - INFO - [ActualizacionData] - El json control_ejecusiones cargo correctamente
2026-08-07 23:04:42 - INFO - [ActualizacionData] - Ultima vez que se ejecuto ETL 2026-08-06
2026-08-07 23:04:42 - INFO - [ActualizacionData] - Iniciando el Procesamiento de la Data
2026-08-07 23:04:42 - INFO - [ActualizacionData] - Se logró cargar la DATABASE, actualmente con 6672 registros
2026-08-07 23:04:42 - INFO - [ActualizacionData] - Se logró cargar la data para actualizar, actualmente con 701 registros
2026-08-07 23:04:42 - INFO - [ActualizacionData] - ETL finalizado, se guardaron los datos en data/db/base.parquet
2026-08-07 23:04:42 - INFO - [ActualizacionData] - Despues de Juntar y eliminar ofertas repetidas quedaron 6532 registros
2026-08-07 23:04:42 - INFO - [ActualizacionData] - Se actualizo la fecha de la ultima vez ETL a --> 2026-08-07
2026-08-07 23:04:42 - INFO - [ActualizacionData] - Se ha actualizado el archivo -->  control_ejecusiones.json
